warning: both `/Users/apple/.cargo/config` and `/Users/apple/.cargo/config.toml` exist. Using `/Users/apple/.cargo/config`
warning: patch `aes-gcm-siv v0.10.3 (https://github.com/RustCrypto/AEADs?rev=6105d7a5591aefa646a95d12b5e8d3f55a9214ef#6105d7a5)` was not used in the crate graph
warning: patch `libc v0.2.164 (https://github.com/rust-lang/libc.git?rev=dad00cb00e92baa7e28a542eb94bc2a78762f583#dad00cb0)` was not used in the crate graph
help: Check that the patched package version and available features are compatible
      with the dependency requirements. If the patch has a different version from
      what is locked in the Cargo.lock file, run `cargo update` to use the new
      version. This may also occur with an optional dependency that is not enabled.
warning: unused import: `Secp256k1`
 --> wallet-ecdh/src/lib.rs:8:16
  |
8 |     PublicKey, Secp256k1, SecretKey, ecdh, ecdh::SharedSecret, ecdsa::Signature,
  |                ^^^^^^^^^
  |
  = note: `#[warn(unused_imports)]` (part of `#[warn(unused)]`) on by default

warning: use of deprecated struct `k256::elliptic_curve::generic_array::GenericArray`: please upgrade to generic-array 1.x
 --> wallet-ecdh/src/lib.rs:9:36
  |
9 |     elliptic_curve::generic_array::GenericArray,
  |                                    ^^^^^^^^^^^^
  |
  = note: `#[warn(deprecated)]` on by default

warning: use of deprecated struct `k256::elliptic_curve::generic_array::GenericArray`: please upgrade to generic-array 1.x
  --> wallet-ecdh/src/lib.rs:40:38
   |
40 |         let alice_secret_key_array = GenericArray::clone_from_slice(&alice_secret_key_bytes);
   |                                      ^^^^^^^^^^^^

warning: use of deprecated struct `k256::elliptic_curve::generic_array::GenericArray`: please upgrade to generic-array 1.x
 --> wallet-ecdh/src/encryption.rs:4:40
  |
4 |     aead::{Aead, OsRng, generic_array::GenericArray},
  |                                        ^^^^^^^^^^^^

warning: use of deprecated struct `k256::elliptic_curve::generic_array::GenericArray`: please upgrade to generic-array 1.x
  --> wallet-ecdh/src/encryption.rs:42:17
   |
42 |     let nonce = GenericArray::from_slice(nonce_md5_head);
   |                 ^^^^^^^^^^^^

warning: use of deprecated struct `k256::elliptic_curve::generic_array::GenericArray`: please upgrade to generic-array 1.x
  --> wallet-ecdh/src/encryption.rs:68:17
   |
68 |     let nonce = GenericArray::from_slice(nonce_md5_head);
   |                 ^^^^^^^^^^^^

warning: use of deprecated associated function `k256::elliptic_curve::generic_array::GenericArray::<T, N>::from_slice`: please upgrade to generic-array 1.x
  --> wallet-ecdh/src/encryption.rs:33:37
   |
33 |     let aes_key = Key::<Aes256Gcm>::from_slice(&aes_key_bytes);
   |                                     ^^^^^^^^^^

warning: use of deprecated associated function `k256::elliptic_curve::generic_array::GenericArray::<T, N>::from_slice`: please upgrade to generic-array 1.x
  --> wallet-ecdh/src/encryption.rs:42:31
   |
42 |     let nonce = GenericArray::from_slice(nonce_md5_head);
   |                               ^^^^^^^^^^

warning: use of deprecated associated function `k256::elliptic_curve::generic_array::GenericArray::<T, N>::from_slice`: please upgrade to generic-array 1.x
  --> wallet-ecdh/src/encryption.rs:60:33
   |
60 |     let key = Key::<Aes256Gcm>::from_slice(&aes_key_bytes);
   |                                 ^^^^^^^^^^

warning: use of deprecated associated function `k256::elliptic_curve::generic_array::GenericArray::<T, N>::from_slice`: please upgrade to generic-array 1.x
  --> wallet-ecdh/src/encryption.rs:68:31
   |
68 |     let nonce = GenericArray::from_slice(nonce_md5_head);
   |                               ^^^^^^^^^^

warning: use of deprecated associated function `k256::elliptic_curve::generic_array::GenericArray::<T, N>::from_slice`: please upgrade to generic-array 1.x
  --> wallet-ecdh/src/encryption.rs:87:33
   |
87 |     let key = Key::<Aes256Gcm>::from_slice(&aes_key_bytes);
   |                                 ^^^^^^^^^^

warning: use of deprecated associated function `k256::elliptic_curve::generic_array::GenericArray::<T, N>::from_slice`: please upgrade to generic-array 1.x
   --> wallet-ecdh/src/encryption.rs:114:33
    |
114 |     let key = Key::<Aes256Gcm>::from_slice(&aes_key_bytes);
    |                                 ^^^^^^^^^^

warning: use of deprecated associated function `k256::elliptic_curve::generic_array::GenericArray::<T, N>::from_slice`: please upgrade to generic-array 1.x
   --> wallet-ecdh/src/encryption.rs:118:24
    |
118 |     let nonce = Nonce::from_slice(&encrypted_data.nonce);
    |                        ^^^^^^^^^^

warning: use of deprecated associated function `k256::elliptic_curve::generic_array::GenericArray::<T, N>::clone_from_slice`: please upgrade to generic-array 1.x
  --> wallet-ecdh/src/lib.rs:40:52
   |
40 |         let alice_secret_key_array = GenericArray::clone_from_slice(&alice_secret_key_bytes);
   |                                                    ^^^^^^^^^^^^^^^^

warning: unused import: `sha2::Digest`
  --> wallet-ecdh/src/sign.rs:12:5
   |
12 | use sha2::Digest;
   |     ^^^^^^^^^^^^

warning: unused import: `sha2::Digest`
  --> wallet-ecdh/src/lib.rs:12:5
   |
12 | use sha2::Digest;
   |     ^^^^^^^^^^^^

warning: unused variable: `tag`
  --> wallet-ecdh/src/sign.rs:16:5
   |
16 |     tag: &str,
   |     ^^^ help: if this is intentional, prefix it with an underscore: `_tag`
   |
   = note: `#[warn(unused_variables)]` (part of `#[warn(unused)]`) on by default

warning: function `encrypt_with_aad` is never used
  --> wallet-ecdh/src/encryption.rs:79:15
   |
79 | pub(crate) fn encrypt_with_aad(
   |               ^^^^^^^^^^^^^^^^
   |
   = note: `#[warn(dead_code)]` (part of `#[warn(unused)]`) on by default

warning: function `decrypt_with_aad` is never used
   --> wallet-ecdh/src/encryption.rs:106:15
    |
106 | pub(crate) fn decrypt_with_aad(
    |               ^^^^^^^^^^^^^^^^

warning: method `key_urlencode` is never used
  --> wallet-oss/src/oss_client/oss.rs:27:8
   |
26 | pub trait Api {
   |           --- method in this trait
27 |     fn key_urlencode<S: AsRef<str>>(&self, key: S) -> String {
   |        ^^^^^^^^^^^^^
   |
   = note: `#[warn(dead_code)]` (part of `#[warn(unused)]`) on by default

warning: method `sign_url` is never used
  --> wallet-oss/src/oss_client/url.rs:53:8
   |
10 | pub trait UrlApi: OSSInfo + Api {
   |           ------ method in this trait
...
53 |     fn sign_url<S: AsRef<str>>(&self, key: S, build: &RequestBuilder) -> String;
   |        ^^^^^^^^

warning: `wallet-ecdh` (lib) generated 19 warnings (run `cargo fix --lib -p wallet-ecdh` to apply 2 suggestions)
warning: `wallet-oss` (lib) generated 2 warnings
warning: variable does not need to be mutable
   --> wallet-database/src/dao/api_collect.rs:128:13
    |
128 |         let mut rec = sqlx::query_as::<_, ApiCollectEntity>(sql)
    |             ----^^^
    |             |
    |             help: remove this `mut`
    |
    = note: `#[warn(unused_mut)]` (part of `#[warn(unused)]`) on by default

warning: use of deprecated method `chrono::TimeZone::timestamp`: use `timestamp_opt()` instead
   --> wallet-database/src/dao/api_withdraw.rs:374:41
    |
374 |             let dt: DateTime<Utc> = Utc.timestamp(c, 0);
    |                                         ^^^^^^^^^
    |
    = note: `#[warn(deprecated)]` on by default

warning: use of deprecated method `chrono::TimeZone::timestamp`: use `timestamp_opt()` instead
   --> wallet-database/src/dao/api_withdraw.rs:380:41
    |
380 |             let dt: DateTime<Utc> = Utc.timestamp(c, 0);
    |                                         ^^^^^^^^^

warning: unused variable: `rec`
   --> wallet-database/src/dao/api_collect.rs:128:13
    |
128 |         let mut rec = sqlx::query_as::<_, ApiCollectEntity>(sql)
    |             ^^^^^^^ help: if this is intentional, prefix it with an underscore: `_rec`
    |
    = note: `#[warn(unused_variables)]` (part of `#[warn(unused)]`) on by default

warning: unused variable: `nonce`
   --> wallet-database/src/dao/api_collect.rs:249:13
    |
249 |         let nonce = sqlx::query_scalar::<_, i32>(sql)
    |             ^^^^^ help: if this is intentional, prefix it with an underscore: `_nonce`

warning: unused variable: `nonce`
   --> wallet-database/src/dao/api_fee.rs:282:13
    |
282 |         let nonce = sqlx::query_scalar::<_, i32>(sql)
    |             ^^^^^ help: if this is intentional, prefix it with an underscore: `_nonce`

warning: unused variable: `addr`
   --> wallet-database/src/dao/api_withdraw.rs:314:9
    |
314 |         addr: &[String],
    |         ^^^^ help: if this is intentional, prefix it with an underscore: `_addr`

warning: unused variable: `is_multisig`
   --> wallet-database/src/dao/api_withdraw.rs:317:9
    |
317 |         is_multisig: Option<i64>,
    |         ^^^^^^^^^^^ help: if this is intentional, prefix it with an underscore: `_is_multisig`

warning: unused variable: `nonce`
   --> wallet-database/src/dao/api_withdraw.rs:618:13
    |
618 |         let nonce = sqlx::query_scalar::<_, i32>(sql)
    |             ^^^^^ help: if this is intentional, prefix it with an underscore: `_nonce`

warning: unused variable: `page`
  --> wallet-database/src/repositories/api_wallet/collect.rs:16:9
   |
16 |         page: i64,
   |         ^^^^ help: if this is intentional, prefix it with an underscore: `_page`

warning: unused variable: `page_size`
  --> wallet-database/src/repositories/api_wallet/collect.rs:17:9
   |
17 |         page_size: i64,
   |         ^^^^^^^^^ help: if this is intentional, prefix it with an underscore: `_page_size`

warning: associated functions `page_api_collect` and `upsert` are never used
   --> wallet-database/src/dao/api_collect.rs:24:18
    |
 11 | impl ApiCollectDao {
    | ------------------ associated functions in this implementation
...
 24 |     pub async fn page_api_collect<'a, E>(
    |                  ^^^^^^^^^^^^^^^^
...
112 |     async fn upsert<'c, E>(executor: E, input: ApiCollectEntity) -> Result<(), crate::Error>
    |              ^^^^^^
    |
    = note: `#[warn(dead_code)]` (part of `#[warn(unused)]`) on by default

warning: associated functions `page_api_withdraw_strategy` and `upsert` are never used
  --> wallet-database/src/dao/api_withdraw_strategy.rs:21:25
   |
 6 | impl ApiWithdrawStrategyDao {
   | --------------------------- associated functions in this implementation
...
21 |     pub(crate) async fn page_api_withdraw_strategy<'a, E>(
   |                         ^^^^^^^^^^^^^^^^^^^^^^^^^^
...
44 |     pub(crate) async fn upsert<'c, E>(
   |                         ^^^^^^

warning: method `execute` is never used
  --> wallet-database/src/sql_utils/mod.rs:90:14
   |
34 | pub trait SqlExecutableReturn<'a, T>: SqlQueryBuilder<'a>
   |           ------------------- method in this trait
...
90 |     async fn execute<'e, E>(&self, executor: E) -> Result<(), crate::Error>
   |              ^^^^^^^

warning: methods `right_join`, `and_where`, and `offset` are never used
   --> wallet-database/src/sql_utils/query_builder.rs:35:12
    |
 17 | impl<'a> DynamicQueryBuilder<'a> {
    | -------------------------------- methods in this implementation
...
 35 |     pub fn right_join(mut self, clause: &str) -> Self {
    |            ^^^^^^^^^^
...
 45 |     pub fn and_where<T>(mut self, clause: &str, val: T) -> Self
    |            ^^^^^^^^^
...
123 |     pub fn offset(mut self, offset: u32) -> Self {
    |            ^^^^^^

warning: unused variable: `iv`
  --> wallet-transport-backend/src/api_request.rs:26:13
   |
26 |         let iv = wallet_utils::bytes_to_base64(&d.nonce);
   |             ^^ help: if this is intentional, prefix it with an underscore: `_iv`
   |
   = note: `#[warn(unused_variables)]` (part of `#[warn(unused)]`) on by default

warning: unused variable: `sd`
  --> wallet-transport-backend/src/api_request.rs:39:13
   |
39 |         let sd = wallet_utils::serde_func::serde_to_string(&api_req).unwrap();
   |             ^^ help: if this is intentional, prefix it with an underscore: `_sd`

warning: unused variable: `endpoint`
  --> wallet-transport-backend/src/api_response.rs:23:30
   |
23 |     pub fn process<T>(&self, endpoint: &str) -> Result<Option<T>, crate::error::Error>
   |                              ^^^^^^^^ help: if this is intentional, prefix it with an underscore: `_endpoint`

warning: function `send_request` is never used
 --> wallet-transport-backend/src/http.rs:6:21
  |
6 | pub(crate) async fn send_request(
  |                     ^^^^^^^^^^^^
  |
  = note: `#[warn(dead_code)]` (part of `#[warn(unused)]`) on by default

warning: `wallet-database` (lib) generated 15 warnings (run `cargo fix --lib -p wallet-database` to apply 9 suggestions)
warning: `wallet-transport-backend` (lib) generated 4 warnings (run `cargo fix --lib -p wallet-transport-backend` to apply 3 suggestions)
   Compiling wallet-api v0.1.0 (/Users/apple/Work/rust/77_wallet_sdk/wallet-api)
warning: unnecessary parentheses around `if` condition
   --> wallet-api/src/domain/api_wallet/trans/withdraw.rs:136:16
    |
136 |             if (tx.status == ApiWithdrawStatus::Success
    |                ^
137 |                 || tx.status == ApiWithdrawStatus::ConfirmSuccessReport)
    |                                                                        ^
    |
    = note: `#[warn(unused_parens)]` (part of `#[warn(unused)]`) on by default
help: remove these parentheses
    |
136 ~             if tx.status == ApiWithdrawStatus::Success
137 ~                 || tx.status == ApiWithdrawStatus::ConfirmSuccessReport 
    |

warning: unnecessary parentheses around `if` condition
   --> wallet-api/src/domain/api_wallet/trans/withdraw.rs:143:16
    |
143 |             if (tx.status == ApiWithdrawStatus::Failure
    |                ^
144 |                 || tx.status == ApiWithdrawStatus::ConfirmFailureReport)
    |                                                                        ^
    |
help: remove these parentheses
    |
143 ~             if tx.status == ApiWithdrawStatus::Failure
144 ~                 || tx.status == ApiWithdrawStatus::ConfirmFailureReport 
    |

warning: unused imports: `ApproveReq`, `DepositReq`, `MultisigQueueFeeParams`, `QuoteReq`, `SwapReq`, `TransferParams`, `WithdrawReq`, and `infrastructure::swap_client::AggQuoteResp`
  --> wallet-api/src/domain/api_wallet/adapter/btc_tx.rs:8:5
   |
 8 |     infrastructure::swap_client::AggQuoteResp,
   |     ^^^^^^^^^^^^^^^^^^^^^^^^^^^^^^^^^^^^^^^^^
...
11 |         transaction::{ApproveReq, DepositReq, QuoteReq, SwapReq, WithdrawReq},
   |                       ^^^^^^^^^^  ^^^^^^^^^^  ^^^^^^^^  ^^^^^^^  ^^^^^^^^^^^
12 |     },
13 |     response_vo::{CommonFeeDetails, MultisigQueueFeeParams, TransferParams},
   |                                     ^^^^^^^^^^^^^^^^^^^^^^  ^^^^^^^^^^^^^^
   |
   = note: `#[warn(unused_imports)]` (part of `#[warn(unused)]`) on by default

warning: unused imports: `FetchMultisigAddressResp`, `MultisigSignResp`, and `MultisigTxResp`
  --> wallet-api/src/domain/api_wallet/adapter/btc_tx.rs:21:30
   |
21 |     types::{ChainPrivateKey, FetchMultisigAddressResp, MultisigSignResp, MultisigTxResp},
   |                              ^^^^^^^^^^^^^^^^^^^^^^^^  ^^^^^^^^^^^^^^^^  ^^^^^^^^^^^^^^

warning: unused imports: `ApproveReq`, `DepositReq`, `EthereumFeeDetails`, `MultisigQueueFeeParams`, `QuoteReq`, `SwapReq`, `TransferParams`, `WithdrawReq`, `calc_slippage`, `infrastructure::swap_client::AggQuoteResp`, and `multisig::MultisigDomain`
  --> wallet-api/src/domain/api_wallet/adapter/eth_tx.rs:10:37
   |
10 |                 EstimateSwapResult, calc_slippage,
   |                                     ^^^^^^^^^^^^^
...
15 |         multisig::MultisigDomain,
   |         ^^^^^^^^^^^^^^^^^^^^^^^^
...
18 |     infrastructure::swap_client::AggQuoteResp,
   |     ^^^^^^^^^^^^^^^^^^^^^^^^^^^^^^^^^^^^^^^^^
...
21 |         transaction::{ApproveReq, DepositReq, QuoteReq, SwapReq, WithdrawReq},
   |                       ^^^^^^^^^^  ^^^^^^^^^^  ^^^^^^^^  ^^^^^^^  ^^^^^^^^^^^
22 |     },
23 |     response_vo::{EthereumFeeDetails, FeeDetails, MultisigQueueFeeParams, TransferParams},
   |                   ^^^^^^^^^^^^^^^^^^              ^^^^^^^^^^^^^^^^^^^^^^  ^^^^^^^^^^^^^^

warning: unused imports: `Allowance`, `Approve`, `Deposit`, `FetchMultisigAddressResp`, `MultisigSignResp`, `MultisigTxResp`, and `Withdraw`
  --> wallet-api/src/domain/api_wallet/adapter/eth_tx.rs:38:19
   |
38 |             erc::{Allowance, Approve, Deposit, Withdraw},
   |                   ^^^^^^^^^  ^^^^^^^  ^^^^^^^  ^^^^^^^^
...
42 |     types::{ChainPrivateKey, FetchMultisigAddressResp, MultisigSignResp, MultisigTxResp},
   |                              ^^^^^^^^^^^^^^^^^^^^^^^^  ^^^^^^^^^^^^^^^^  ^^^^^^^^^^^^^^

warning: unused imports: `ApproveReq`, `DepositReq`, `MultisigQueueFeeParams`, `QuoteReq`, `SwapReq`, `TransferParams`, and `WithdrawReq`
  --> wallet-api/src/domain/api_wallet/adapter/sui_tx.rs:10:23
   |
10 |         transaction::{ApproveReq, DepositReq, QuoteReq, SwapReq, WithdrawReq},
   |                       ^^^^^^^^^^  ^^^^^^^^^^  ^^^^^^^^  ^^^^^^^  ^^^^^^^^^^^
11 |     },
12 |     response_vo::{CommonFeeDetails, MultisigQueueFeeParams, TransferParams},
   |                                     ^^^^^^^^^^^^^^^^^^^^^^  ^^^^^^^^^^^^^^

warning: unused imports: `ApproveReq`, `DepositReq`, `MultisigQueueFeeParams`, `QuoteReq`, `SwapReq`, `TransferParams`, and `WithdrawReq`
  --> wallet-api/src/domain/api_wallet/adapter/ton_tx.rs:10:23
   |
10 |         transaction::{ApproveReq, DepositReq, QuoteReq, SwapReq, WithdrawReq},
   |                       ^^^^^^^^^^  ^^^^^^^^^^  ^^^^^^^^  ^^^^^^^  ^^^^^^^^^^^
11 |     },
12 |     response_vo::{CommonFeeDetails, MultisigQueueFeeParams, TransferParams},
   |                                     ^^^^^^^^^^^^^^^^^^^^^^  ^^^^^^^^^^^^^^

warning: unused imports: `ApproveReq`, `DepositReq`, `MultisigQueueFeeParams`, `QuoteReq`, `SwapReq`, `calc_slippage`, and `infrastructure::swap_client::AggQuoteResp`
  --> wallet-api/src/domain/api_wallet/adapter/tron_tx.rs:7:37
   |
 7 |                 EstimateSwapResult, calc_slippage,
   |                                     ^^^^^^^^^^^^^
...
15 |     infrastructure::swap_client::AggQuoteResp,
   |     ^^^^^^^^^^^^^^^^^^^^^^^^^^^^^^^^^^^^^^^^^
...
18 |         transaction::{ApproveReq, DepositReq, QuoteReq, SwapReq, WithdrawReq},
   |                       ^^^^^^^^^^  ^^^^^^^^^^  ^^^^^^^^  ^^^^^^^
19 |     },
20 |     response_vo::{MultisigQueueFeeParams, TransferParams, TronFeeDetails},
   |                   ^^^^^^^^^^^^^^^^^^^^^^

warning: unused imports: `Allowance`, `Approve`, `Deposit`, `FetchMultisigAddressResp`, and `MultisigSignResp`
  --> wallet-api/src/domain/api_wallet/adapter/tron_tx.rs:35:19
   |
35 |             trc::{Allowance, Approve, Deposit},
   |                   ^^^^^^^^^  ^^^^^^^  ^^^^^^^
...
40 |     types::{ChainPrivateKey, FetchMultisigAddressResp, MultisigSignResp, MultisigTxResp},
   |                              ^^^^^^^^^^^^^^^^^^^^^^^^  ^^^^^^^^^^^^^^^^

warning: unused imports: `ApproveReq`, `DepositReq`, `QuoteReq`, `SwapReq`, `WithdrawReq`, and `infrastructure::swap_client::AggQuoteResp`
  --> wallet-api/src/domain/api_wallet/adapter/tx.rs:10:5
   |
10 |     infrastructure::swap_client::AggQuoteResp,
   |     ^^^^^^^^^^^^^^^^^^^^^^^^^^^^^^^^^^^^^^^^^
...
13 |         transaction::{ApproveReq, DepositReq, QuoteReq, SwapReq, WithdrawReq},
   |                       ^^^^^^^^^^  ^^^^^^^^^^  ^^^^^^^^  ^^^^^^^  ^^^^^^^^^^^

warning: unused import: `AssetsId`
 --> wallet-api/src/domain/api_wallet/chain.rs:8:18
  |
8 |         assets::{AssetsId, AssetsIdVo},
  |                  ^^^^^^^^

warning: unused import: `AssetsIdVo`
 --> wallet-api/src/domain/api_wallet/coin.rs:8:28
  |
8 |         assets::{AssetsId, AssetsIdVo},
  |                            ^^^^^^^^^^

warning: unused imports: `AwmCmdAddrExpandMsg` and `mqtt_api::ApiMqttStruct`
  --> wallet-api/src/infrastructure/task_queue/task_handle/backend_handle.rs:47:9
   |
47 |         mqtt_api::ApiMqttStruct,
   |         ^^^^^^^^^^^^^^^^^^^^^^^
...
51 |         mqtt::topics::api_wallet::cmd::address_allock::{AwmCmdAddrExpandMsg, ExpandStatus},
   |                                                         ^^^^^^^^^^^^^^^^^^^

warning: unused import: `once_cell::sync::Lazy`
  --> wallet-api/src/infrastructure/asset_calc/actor_model.rs:13:5
   |
13 | use once_cell::sync::Lazy;
   |     ^^^^^^^^^^^^^^^^^^^^^

warning: unused imports: `ApiAssetsEntity` and `assets::AssetsIdVo`
  --> wallet-api/src/infrastructure/asset_calc/actor_model.rs:20:22
   |
20 |         api_assets::{ApiAssetsEntity, AssetWithWalletAddress},
   |                      ^^^^^^^^^^^^^^^
21 |         assets::AssetsIdVo,
   |         ^^^^^^^^^^^^^^^^^^

warning: unused import: `ACCOUNT_VALUE_CACHE`
 --> wallet-api/src/infrastructure/asset_calc/asset_sync.rs:8:9
  |
8 |         ACCOUNT_VALUE_CACHE, ADDRESS_TO_ACCOUNT_ID, ASSET_VALUE_CACHE, AssetEntry, AssetKey,
  |         ^^^^^^^^^^^^^^^^^^^

warning: unnecessary parentheses around `if` condition
   --> wallet-api/src/infrastructure/withdraw/process_withdraw_tx_confirm.rs:154:20
    |
154 |                 if (res != 1) {
    |                    ^        ^
    |
help: remove these parentheses
    |
154 -                 if (res != 1) {
154 +                 if res != 1  {
    |

warning: unnecessary parentheses around `if` condition
   --> wallet-api/src/infrastructure/withdraw/process_withdraw_tx_report.rs:158:20
    |
158 |                 if (res != 1) {
    |                    ^        ^
    |
help: remove these parentheses
    |
158 -                 if (res != 1) {
158 +                 if res != 1  {
    |

warning: unnecessary parentheses around `if` condition
   --> wallet-api/src/infrastructure/withdraw/process_withdraw_tx_send.rs:253:20
    |
253 |                 if (res != 1) {
    |                    ^        ^
    |
help: remove these parentheses
    |
253 -                 if (res != 1) {
253 +                 if res != 1  {
    |

warning: unused import: `sqlx::__rt::sleep`
 --> wallet-api/src/context.rs:8:5
  |
8 | use sqlx::__rt::sleep;
  |     ^^^^^^^^^^^^^^^^^

warning: unused import: `task_queue::WalletType`
  --> wallet-api/src/context.rs:17:43
   |
17 |     entities::{api_wallet::ApiWalletType, task_queue::WalletType},
   |                                           ^^^^^^^^^^^^^^^^^^^^^^

warning: unused import: `xlog::init_log`
 --> wallet-api/src/test/env.rs:8:5
  |
8 |     xlog::init_log,
  |     ^^^^^^^^^^^^^^

warning: variable does not need to be mutable
   --> wallet-api/src/infrastructure/asset_calc/actor_model.rs:938:13
    |
938 |         let mut state_read = state.read().await;
    |             ----^^^^^^^^^^
    |             |
    |             help: remove this `mut`
    |
    = note: `#[warn(unused_mut)]` (part of `#[warn(unused)]`) on by default

warning: variable does not need to be mutable
   --> wallet-api/src/infrastructure/asset_calc/actor_model.rs:303:21
    |
303 |                     mut response_tx,
    |                     ----^^^^^^^^^^^
    |                     |
    |                     help: remove this `mut`

warning: variable does not need to be mutable
   --> wallet-api/src/infrastructure/asset_calc/actor_model.rs:312:33
    |
312 | ...                   let mut state = self.state.read().await;
    |                           ----^^^^^
    |                           |
    |                           help: remove this `mut`

warning: variable does not need to be mutable
   --> wallet-api/src/infrastructure/asset_calc/actor_model.rs:337:21
    |
337 |                     mut response_tx,
    |                     ----^^^^^^^^^^^
    |                     |
    |                     help: remove this `mut`

warning: variable does not need to be mutable
   --> wallet-api/src/infrastructure/asset_calc/actor_model.rs:346:33
    |
346 | ...                   let mut state = self.state.read().await;
    |                           ----^^^^^
    |                           |
    |                           help: remove this `mut`

warning: variable does not need to be mutable
   --> wallet-api/src/infrastructure/asset_calc/actor_model.rs:366:54
    |
366 |                 AssetCalcMessage::GetWalletBalance { mut response_tx } => {
    |                                                      ----^^^^^^^^^^^
    |                                                      |
    |                                                      help: remove this `mut`

warning: variable does not need to be mutable
   --> wallet-api/src/infrastructure/asset_calc/actor_model.rs:376:21
    |
376 |                     mut response_tx,
    |                     ----^^^^^^^^^^^
    |                     |
    |                     help: remove this `mut`

warning: variable does not need to be mutable
   --> wallet-api/src/infrastructure/asset_calc/actor_model.rs:389:21
    |
389 |                     mut response_tx,
    |                     ----^^^^^^^^^^^
    |                     |
    |                     help: remove this `mut`

warning: variable does not need to be mutable
   --> wallet-api/src/infrastructure/asset_calc/actor_model.rs:399:54
    |
399 |                 AssetCalcMessage::InitAccountCache { mut response_tx } => {
    |                                                      ----^^^^^^^^^^^
    |                                                      |
    |                                                      help: remove this `mut`

warning: variable does not need to be mutable
   --> wallet-api/src/infrastructure/asset_calc/actor_model.rs:428:21
    |
428 |                     mut response_tx,
    |                     ----^^^^^^^^^^^
    |                     |
    |                     help: remove this `mut`

warning: variable does not need to be mutable
   --> wallet-api/src/infrastructure/asset_calc/actor_model.rs:481:50
    |
481 |                 AssetCalcMessage::GetTotalUsdt { mut response_tx } => {
    |                                                  ----^^^^^^^^^^^
    |                                                  |
    |                                                  help: remove this `mut`

warning: variable does not need to be mutable
   --> wallet-api/src/infrastructure/asset_calc/actor_model.rs:488:73
    |
488 |                 AssetCalcMessage::StartBatchRecalculator { interval_ms, mut response_tx } => {
    |                                                                         ----^^^^^^^^^^^
    |                                                                         |
    |                                                                         help: remove this `mut`

warning: variable does not need to be mutable
   --> wallet-api/src/infrastructure/asset_calc/actor_model.rs:500:13
    |
500 |         let mut state_read = self.state.read().await;
    |             ----^^^^^^^^^^
    |             |
    |             help: remove this `mut`

warning: unused variable: `bill_kind`
  --> wallet-api/src/service/api_wallet/transaction.rs:59:9
   |
59 |         bill_kind: BillKind,
   |         ^^^^^^^^^ help: if this is intentional, prefix it with an underscore: `_bill_kind`
   |
   = note: `#[warn(unused_variables)]` (part of `#[warn(unused)]`) on by default

warning: unused variable: `transaction`
   --> wallet-api/src/service/api_wallet/transaction.rs:414:9
    |
414 |         transaction: &ApiWithdrawEntity,
    |         ^^^^^^^^^^^ help: if this is intentional, prefix it with an underscore: `_transaction`

warning: unused variable: `addr`
  --> wallet-api/src/domain/api_wallet/adapter/btc_tx.rs:91:27
   |
91 |     async fn nonce(&self, addr: &str) -> Result<u64, ServiceError> {
   |                           ^^^^ help: if this is intentional, prefix it with an underscore: `_addr`

warning: unused variable: `addr`
  --> wallet-api/src/domain/api_wallet/adapter/doge_tx.rs:88:27
   |
88 |     async fn nonce(&self, addr: &str) -> Result<u64, ServiceError> {
   |                           ^^^^ help: if this is intentional, prefix it with an underscore: `_addr`

warning: unused variable: `remain_balance`
   --> wallet-api/src/domain/api_wallet/adapter/eth_tx.rs:271:13
    |
271 |         let remain_balance = self
    |             ^^^^^^^^^^^^^^ help: if this is intentional, prefix it with an underscore: `_remain_balance`

warning: unused variable: `addr`
  --> wallet-api/src/domain/api_wallet/adapter/ltx_tx.rs:94:27
   |
94 |     async fn nonce(&self, addr: &str) -> Result<u64, ServiceError> {
   |                           ^^^^ help: if this is intentional, prefix it with an underscore: `_addr`

warning: unused variable: `addr`
   --> wallet-api/src/domain/api_wallet/adapter/sol_tx.rs:110:27
    |
110 |     async fn nonce(&self, addr: &str) -> Result<u64, ServiceError> {
    |                           ^^^^ help: if this is intentional, prefix it with an underscore: `_addr`

warning: unused variable: `network`
  --> wallet-api/src/domain/api_wallet/adapter/sui_tx.rs:34:13
   |
34 |         let network = wallet_types::chain::network::NetworkKind::Mainnet;
   |             ^^^^^^^ help: if this is intentional, prefix it with an underscore: `_network`

warning: unused variable: `addr`
  --> wallet-api/src/domain/api_wallet/adapter/sui_tx.rs:58:27
   |
58 |     async fn nonce(&self, addr: &str) -> Result<u64, ServiceError> {
   |                           ^^^^ help: if this is intentional, prefix it with an underscore: `_addr`

warning: unused variable: `token`
  --> wallet-api/src/domain/api_wallet/adapter/sui_tx.rs:78:35
   |
78 |     async fn black_address(&self, token: &str, owner: &str) -> Result<bool, ServiceError> {
   |                                   ^^^^^ help: if this is intentional, prefix it with an underscore: `_token`

warning: unused variable: `owner`
  --> wallet-api/src/domain/api_wallet/adapter/sui_tx.rs:78:48
   |
78 |     async fn black_address(&self, token: &str, owner: &str) -> Result<bool, ServiceError> {
   |                                                ^^^^^ help: if this is intentional, prefix it with an underscore: `_owner`

warning: unused variable: `addr`
  --> wallet-api/src/domain/api_wallet/adapter/ton_tx.rs:83:27
   |
83 |     async fn nonce(&self, addr: &str) -> Result<u64, ServiceError> {
   |                           ^^^^ help: if this is intentional, prefix it with an underscore: `_addr`

warning: unused variable: `token`
   --> wallet-api/src/domain/api_wallet/adapter/ton_tx.rs:103:35
    |
103 |     async fn black_address(&self, token: &str, owner: &str) -> Result<bool, ServiceError> {
    |                                   ^^^^^ help: if this is intentional, prefix it with an underscore: `_token`

warning: unused variable: `owner`
   --> wallet-api/src/domain/api_wallet/adapter/ton_tx.rs:103:48
    |
103 |     async fn black_address(&self, token: &str, owner: &str) -> Result<bool, ServiceError> {
    |                                                ^^^^^ help: if this is intentional, prefix it with an underscore: `_owner`

warning: unused variable: `addr`
   --> wallet-api/src/domain/api_wallet/adapter/tron_tx.rs:198:27
    |
198 |     async fn nonce(&self, addr: &str) -> Result<u64, ServiceError> {
    |                           ^^^^ help: if this is intentional, prefix it with an underscore: `_addr`

warning: unused variable: `e`
  --> wallet-api/src/infrastructure/mqtt/init.rs:55:23
   |
55 |             .map_err(|e| ServiceError::System(SystemError::MqttClientNotInit))
   |                       ^ help: if this is intentional, prefix it with an underscore: `_e`

warning: unused variable: `e`
  --> wallet-api/src/infrastructure/mqtt/init.rs:61:23
   |
61 |             .map_err(|e| ServiceError::System(SystemError::MqttClientNotInit))
   |                       ^ help: if this is intentional, prefix it with an underscore: `_e`

warning: unused variable: `notes`
   --> wallet-api/src/infrastructure/collect/process_collect_tx_report.rs:141:27
    |
141 |         let (next_status, notes) = if req.status == ApiCollectStatus::SendingTxFailed {
    |                           ^^^^^ help: if this is intentional, prefix it with an underscore: `_notes`

warning: unused variable: `err`
   --> wallet-api/src/infrastructure/collect/process_collect_tx_report.rs:166:9
    |
166 |         err: wallet_transport_backend::Error,
    |         ^^^ help: if this is intentional, prefix it with an underscore: `_err`

warning: unused variable: `notes`
   --> wallet-api/src/infrastructure/collect/process_collect_tx_confirm.rs:145:27
    |
145 |         let (next_status, notes) = if req.status == ApiCollectStatus::Success {
    |                           ^^^^^ help: if this is intentional, prefix it with an underscore: `_notes`

warning: unused variable: `notes`
   --> wallet-api/src/infrastructure/collect_fee/process_fee_tx_report.rs:142:27
    |
142 |         let (next_status, notes) = if req.status == ApiFeeStatus::SendingTxFailed {
    |                           ^^^^^ help: if this is intentional, prefix it with an underscore: `_notes`

warning: unused variable: `err`
   --> wallet-api/src/infrastructure/collect_fee/process_fee_tx_report.rs:168:61
    |
168 |     async fn handle_report_failed(&self, req: ApiFeeEntity, err: wallet_transport_backend::Error) {
    |                                                             ^^^ help: if this is intentional, prefix it with an underscore: `_err`

warning: unused variable: `res`
   --> wallet-api/src/infrastructure/withdraw/process_withdraw_tx_send.rs:284:16
    |
284 |             Ok(res) => {
    |                ^^^ help: if this is intentional, prefix it with an underscore: `_res`

warning: unused variable: `notes`
   --> wallet-api/src/infrastructure/withdraw/process_withdraw_tx_confirm.rs:139:27
    |
139 |         let (next_status, notes) = if req.status == ApiWithdrawStatus::Success {
    |                           ^^^^^ help: if this is intentional, prefix it with an underscore: `_notes`

warning: unused variable: `res`
   --> wallet-api/src/infrastructure/withdraw/process_withdraw_tx_confirm.rs:177:16
    |
177 |             Ok(res) => {}
    |                ^^^ help: if this is intentional, prefix it with an underscore: `_res`

warning: unused variable: `base_path`
  --> wallet-api/src/manager.rs:34:13
   |
34 |         let base_path = infrastructure::log::format::LogBasePath(dir.get_log_dir());
   |             ^^^^^^^^^ help: if this is intentional, prefix it with an underscore: `_base_path`

warning: methods `estimate_swap`, `swap_base_transfer`, and `build_base_swap_tx` are never used
   --> wallet-api/src/domain/api_wallet/adapter/eth_tx.rs:71:14
    |
 55 | impl EthTx {
    | ---------- methods in this implementation
...
 71 |     async fn estimate_swap(
    |              ^^^^^^^^^^^^^
...
 99 |     async fn swap_base_transfer(
    |              ^^^^^^^^^^^^^^^^^^
...
119 |     fn build_base_swap_tx(
    |        ^^^^^^^^^^^^^^^^^^
    |
    = note: `#[warn(dead_code)]` (part of `#[warn(unused)]`) on by default

warning: methods `build_build_tx`, `estimate_swap`, `build_base_swap`, and `build_base_withdraw` are never used
   --> wallet-api/src/domain/api_wallet/adapter/tron_tx.rs:65:25
    |
 50 | impl TronTx {
    | ----------- methods in this implementation
...
 65 |     pub(super) async fn build_build_tx(
    |                         ^^^^^^^^^^^^^^
...
 95 |     pub(super) async fn estimate_swap(
    |                         ^^^^^^^^^^^^^
...
127 |     fn build_base_swap(
    |        ^^^^^^^^^^^^^^^
...
161 |     fn build_base_withdraw(
    |        ^^^^^^^^^^^^^^^^^^^

warning: method `default_gas_oracle` is never used
  --> wallet-api/src/domain/api_wallet/adapter/tx.rs:33:14
   |
30 | pub trait Oracle {
   |           ------ method in this trait
...
33 |     async fn default_gas_oracle(&self) -> Result<GasOracle, crate::error::service::ServiceError>;
   |              ^^^^^^^^^^^^^^^^^^

warning: methods `account_resource`, `block_num`, `token_symbol`, `token_name`, and `black_address` are never used
  --> wallet-api/src/domain/api_wallet/adapter/tx.rs:54:14
   |
37 | pub trait Tx {
   |           -- methods in this trait
...
54 |     async fn account_resource(
   |              ^^^^^^^^^^^^^^^^
...
67 |     async fn block_num(&self) -> Result<u64, wallet_chain_interact::Error>;
   |              ^^^^^^^^^
...
74 |     async fn token_symbol(&self, token: &str) -> Result<String, wallet_chain_interact::Error>;
   |              ^^^^^^^^^^^^
75 |
76 |     async fn token_name(&self, token: &str) -> Result<String, wallet_chain_interact::Error>;
   |              ^^^^^^^^^^
77 |
78 |     async fn black_address(
   |              ^^^^^^^^^^^^^

warning: trait `Multisig` is never used
   --> wallet-api/src/domain/api_wallet/adapter/tx.rs:161:11
    |
161 | pub trait Multisig {
    |           ^^^^^^^^

warning: field `transaction_adapter` is never read
  --> wallet-api/src/domain/api_wallet/adapter_factory.rs:17:5
   |
16 | pub struct ApiChainAdapterFactory {
   |            ---------------------- field in this struct
17 |     transaction_adapter: DashMap<String, Arc<dyn Tx + Send + Sync>>,
   |     ^^^^^^^^^^^^^^^^^^^

warning: associated function `sync_assets_by_addr_chain_with_retry` is never used
   --> wallet-api/src/domain/api_wallet/assets.rs:150:14
    |
 25 | impl ApiAssetsDomain {
    | -------------------- associated function in this implementation
...
150 |     async fn sync_assets_by_addr_chain_with_retry(
    |              ^^^^^^^^^^^^^^^^^^^^^^^^^^^^^^^^^^^^

warning: associated function `sync_withdrawal_wallet_chain_data` is never used
   --> wallet-api/src/domain/api_wallet/chain.rs:354:18
    |
 41 | impl ApiChainDomain {
    | ------------------- associated function in this implementation
...
354 |     pub async fn sync_withdrawal_wallet_chain_data()
    |                  ^^^^^^^^^^^^^^^^^^^^^^^^^^^^^^^^^

warning: associated function `assets` is never used
   --> wallet-api/src/domain/api_wallet/chain.rs:489:18
    |
488 | impl ApiChainTransDomain {
    | ------------------------ associated function in this implementation
489 |     pub async fn assets(
    |                  ^^^^^^

warning: method `with_remark` is never used
  --> wallet-api/src/infrastructure/task_queue/task/mod.rs:52:12
   |
43 | impl TaskItem {
   | ------------- method in this implementation
...
52 |     pub fn with_remark(mut self, remark: &str) -> Self {
   |            ^^^^^^^^^^^

warning: method `push_with_remark` is never used
  --> wallet-api/src/infrastructure/task_queue/task/mod.rs:91:12
   |
71 | impl Tasks {
   | ---------- method in this implementation
...
91 |     pub fn push_with_remark<T: TaskTrait + 'static>(
   |            ^^^^^^^^^^^^^^^^

warning: static `ACCOUNT_VALUE_CACHE` is never used
  --> wallet-api/src/infrastructure/asset_calc/mod.rs:68:8
   |
68 | static ACCOUNT_VALUE_CACHE: Lazy<DashMap<(String, String), Decimal>> = Lazy::new(|| DashMap::new());
   |        ^^^^^^^^^^^^^^^^^^^

warning: field `account_value_cache` is never read
   --> wallet-api/src/infrastructure/asset_calc/actor_model.rs:100:5
    |
 90 | pub struct AssetCalcState {
    |            -------------- field in this struct
...
100 |     account_value_cache: DashMap<(String, String), Decimal>,
    |     ^^^^^^^^^^^^^^^^^^^

warning: constant `INITIAL_RETRY_DELAY_SECS` is never used
  --> wallet-api/src/infrastructure/inner_event.rs:43:7
   |
43 | const INITIAL_RETRY_DELAY_SECS: u64 = 5;
   |       ^^^^^^^^^^^^^^^^^^^^^^^^

warning: enum `Body` is never used
   --> wallet-api/src/messaging/mqtt/message.rs:149:10
    |
149 | pub enum Body {
    |          ^^^^

warning: method `get_global_unconfirmed_msg_processor` is never used
   --> wallet-api/src/handles.rs:118:19
    |
 35 | impl Handles {
    | ------------ method in this implementation
...
118 |     pub(crate) fn get_global_unconfirmed_msg_processor(
    |                   ^^^^^^^^^^^^^^^^^^^^^^^^^^^^^^^^^^^^

warning: unused `Result` that must be used
  --> wallet-api/src/infrastructure/mqtt/init.rs:68:13
   |
68 |             handle.await;
   |             ^^^^^^^^^^^^
   |
   = note: this `Result` may be an `Err` variant, which should be handled
   = note: `#[warn(unused_must_use)]` (part of `#[warn(unused)]`) on by default
help: use `let _ = ...` to ignore the resulting value
   |
68 |             let _ = handle.await;
   |             +++++++

warning: unused `Result` that must be used
   --> wallet-api/src/infrastructure/mqtt/init.rs:155:21
    |
155 |                     self.client.disconnect().await;
    |                     ^^^^^^^^^^^^^^^^^^^^^^^^^^^^^^
    |
    = note: this `Result` may be an `Err` variant, which should be handled
help: use `let _ = ...` to ignore the resulting value
    |
155 |                     let _ = self.client.disconnect().await;
    |                     +++++++

warning: unused `Result` that must be used
  --> wallet-api/src/infrastructure/collect/process_collect_tx.rs:75:13
   |
75 |             handle.await;
   |             ^^^^^^^^^^^^
   |
   = note: this `Result` may be an `Err` variant, which should be handled
help: use `let _ = ...` to ignore the resulting value
   |
75 |             let _ = handle.await;
   |             +++++++

warning: unused `Result` that must be used
  --> wallet-api/src/infrastructure/collect/process_collect_tx.rs:78:13
   |
78 |             handle.await;
   |             ^^^^^^^^^^^^
   |
   = note: this `Result` may be an `Err` variant, which should be handled
help: use `let _ = ...` to ignore the resulting value
   |
78 |             let _ = handle.await;
   |             +++++++

warning: unused `Result` that must be used
  --> wallet-api/src/infrastructure/collect/process_collect_tx.rs:81:13
   |
81 |             handle.await;
   |             ^^^^^^^^^^^^
   |
   = note: this `Result` may be an `Err` variant, which should be handled
help: use `let _ = ...` to ignore the resulting value
   |
81 |             let _ = handle.await;
   |             +++++++

warning: unused `Result` that must be used
  --> wallet-api/src/infrastructure/collect_fee/process_fee_tx.rs:73:13
   |
73 |             handle.await;
   |             ^^^^^^^^^^^^
   |
   = note: this `Result` may be an `Err` variant, which should be handled
help: use `let _ = ...` to ignore the resulting value
   |
73 |             let _ = handle.await;
   |             +++++++

warning: unused `Result` that must be used
  --> wallet-api/src/infrastructure/collect_fee/process_fee_tx.rs:76:13
   |
76 |             handle.await;
   |             ^^^^^^^^^^^^
   |
   = note: this `Result` may be an `Err` variant, which should be handled
help: use `let _ = ...` to ignore the resulting value
   |
76 |             let _ = handle.await;
   |             +++++++

warning: unused `Result` that must be used
  --> wallet-api/src/infrastructure/collect_fee/process_fee_tx.rs:79:13
   |
79 |             handle.await;
   |             ^^^^^^^^^^^^
   |
   = note: this `Result` may be an `Err` variant, which should be handled
help: use `let _ = ...` to ignore the resulting value
   |
79 |             let _ = handle.await;
   |             +++++++

warning: `wallet-api` (lib) generated 86 warnings (run `cargo fix --lib -p wallet-api` to apply 62 suggestions)
    Finished `dev` profile [unoptimized + debuginfo] target(s) in 34.11s
warning: the following packages contain code that will be rejected by a future version of Rust: num-bigint-dig v0.8.4
note: to see what the problems were, use the option `--future-incompat-report`, or run `cargo report future-incompatibilities --id 2`
